package com.google.common.base;

/**
 * Entry point for assertions of different data types. Each method in this class is a static factory for the
 * type-specific assertion objects.
 */
@javax.annotation.Generated(value="assertj-assertions-generator")
public class Assertions {

  /**
   * Creates a new instance of <code>{@link com.google.common.base.OptionalAssert}</code>.
   *
   * @param actual the actual value.
   * @return the created assertion object.
   */
  @org.assertj.core.util.CheckReturnValue
  public static com.google.common.base.OptionalAssert assertThat(com.google.common.base.Optional actual) {
    return new com.google.common.base.OptionalAssert(actual);
  }

  /**
   * Creates a new instance of <code>{@link com.cprohinig.assertj.generator.data.MovieAssert}</code>.
   *
   * @param actual the actual value.
   * @return the created assertion object.
   */
  @org.assertj.core.util.CheckReturnValue
  public static com.cprohinig.assertj.generator.data.MovieAssert assertThat(Movie actual) {
    return new com.cprohinig.assertj.generator.data.MovieAssert(actual);
  }

  /**
   * Creates a new instance of <code>{@link com.cprohinig.assertj.generator.data.MoviePublicCategoryAssert}</code>.
   *
   * @param actual the actual value.
   * @return the created assertion object.
   */
  @org.assertj.core.util.CheckReturnValue
  public static com.cprohinig.assertj.generator.data.MoviePublicCategoryAssert assertThat(Movie.PublicCategory actual) {
    return new com.cprohinig.assertj.generator.data.MoviePublicCategoryAssert(actual);
  }

  /**
   * Creates a new instance of <code>{@link com.cprohinig.assertj.generator.data.NameAssert}</code>.
   *
   * @param actual the actual value.
   * @return the created assertion object.
   */
  @org.assertj.core.util.CheckReturnValue
  public static com.cprohinig.assertj.generator.data.NameAssert assertThat(Name actual) {
    return new com.cprohinig.assertj.generator.data.NameAssert(actual);
  }

  /**
   * Creates a new instance of <code>{@link com.cprohinig.assertj.generator.data.TreeEnumAssert}</code>.
   *
   * @param actual the actual value.
   * @return the created assertion object.
   */
  @org.assertj.core.util.CheckReturnValue
  public static com.cprohinig.assertj.generator.data.TreeEnumAssert assertThat(TreeEnum actual) {
    return new com.cprohinig.assertj.generator.data.TreeEnumAssert(actual);
  }

  /**
   * Creates a new instance of <code>{@link com.cprohinig.assertj.generator.data.art.ArtWorkAssert}</code>.
   *
   * @param actual the actual value.
   * @return the created assertion object.
   */
  @org.assertj.core.util.CheckReturnValue
  public static com.cprohinig.assertj.generator.data.art.ArtWorkAssert assertThat(ArtWork actual) {
    return new com.cprohinig.assertj.generator.data.art.ArtWorkAssert(actual);
  }

  /**
   * Creates a new instance of <code>{@link com.cprohinig.assertj.generator.data.lotr.RaceAssert}</code>.
   *
   * @param actual the actual value.
   * @return the created assertion object.
   */
  @org.assertj.core.util.CheckReturnValue
  public static com.cprohinig.assertj.generator.data.lotr.RaceAssert assertThat(Race actual) {
    return new com.cprohinig.assertj.generator.data.lotr.RaceAssert(actual);
  }

  /**
   * Creates a new instance of <code>{@link com.cprohinig.assertj.generator.data.lotr.RingAssert}</code>.
   *
   * @param actual the actual value.
   * @return the created assertion object.
   */
  @org.assertj.core.util.CheckReturnValue
  public static com.cprohinig.assertj.generator.data.lotr.RingAssert assertThat(Ring actual) {
    return new com.cprohinig.assertj.generator.data.lotr.RingAssert(actual);
  }

  /**
   * Creates a new instance of <code>{@link com.cprohinig.assertj.generator.data.lotr.TolkienCharacterAssert}</code>.
   *
   * @param actual the actual value.
   * @return the created assertion object.
   */
  @org.assertj.core.util.CheckReturnValue
  public static com.cprohinig.assertj.generator.data.lotr.TolkienCharacterAssert assertThat(TolkienCharacter actual) {
    return new com.cprohinig.assertj.generator.data.lotr.TolkienCharacterAssert(actual);
  }

  /**
   * Creates a new instance of <code>{@link com.cprohinig.assertj.generator.data.nba.PlayerAssert}</code>.
   *
   * @param actual the actual value.
   * @return the created assertion object.
   */
  @org.assertj.core.util.CheckReturnValue
  public static com.cprohinig.assertj.generator.data.nba.PlayerAssert assertThat(Player actual) {
    return new com.cprohinig.assertj.generator.data.nba.PlayerAssert(actual);
  }

  /**
   * Creates a new <code>{@link Assertions}</code>.
   */
  protected Assertions() {
    // empty
  }
}
