package org;

/**
 * Entry point for assertions of different data types. Each method in this class is a static factory for the
 * type-specific assertion objects.
 */
@javax.annotation.Generated(value="assertj-assertions-generator")
public class Assertions {

  /**
   * Creates a new instance of <code>{@link com.cprohinig.assertj.generator.data.TeamAssert}</code>.
   *
   * @param actual the actual value.
   * @return the created assertion object.
   */
  @org.assertj.core.util.CheckReturnValue
  public static com.cprohinig.assertj.generator.data.TeamAssert assertThat(Team actual) {
    return new com.cprohinig.assertj.generator.data.TeamAssert(actual);
  }

  /**
   * Creates a new instance of <code>{@link com.cprohinig.assertj.generator.data.nba.team.TeamAssert}</code>.  *
   * @param actual the actual value.
   * @return the created assertion object.
   */
  @org.assertj.core.util.CheckReturnValue
  public static com.cprohinig.assertj.generator.data.nba.team.TeamAssert assertThat(Team actual) {
    return new com.cprohinig.assertj.generator.data.nba.team.TeamAssert(actual);
  }

  /**
   * Creates a new <code>{@link Assertions}</code>.
   */
  protected Assertions() {
    // empty
  }
}
