package com.cprohinig.assertj.generator.data;

/**
 * A version of {@link SoftAssertions} that uses try-with-resources statement to automatically call
 * {@link SoftAssertions#assertAll()} so that you don't forget to.
 * <p>
 * Example:
 * <pre><code class='java'> public class AutoCloseableSoftAssertionsTest {
 * 
 * &#064;Test
 * public void host_dinner_party_where_nobody_dies() {
 *   Mansion mansion = new Mansion();
 *   mansion.hostPotentiallyMurderousDinnerParty();
 *   try (AutoCloseableSoftAssertions softly = new AutoCloseableSoftAssertions()) {
 *      softly.assertThat(mansion.guests()).as(&quot;Living Guests&quot;).isEqualTo(7);
 *      softly.assertThat(mansion.kitchen()).as(&quot;Kitchen&quot;).isEqualTo(&quot;clean&quot;);
 *      // no need to call assertAll, it is done when softly is closed.
 *   }
 * }
 * </pre>
 */
@javax.annotation.Generated(value="assertj-assertions-generator")
public class AutoCloseableSoftAssertions extends org.assertj.core.api.SoftAssertions implements AutoCloseable {

  /**
   * Creates a new "soft" instance of <code>{@link com.cprohinig.assertj.generator.data.MovieAssert}</code>.
   *
   * @param actual the actual value.
   * @return the created "soft" assertion object.
   */
  @org.assertj.core.util.CheckReturnValue
  public com.cprohinig.assertj.generator.data.MovieAssert assertThat(Movie actual) {
    return proxy(com.cprohinig.assertj.generator.data.MovieAssert.class, Movie.class, actual);
  }

  /**
   * Creates a new "soft" instance of <code>{@link com.cprohinig.assertj.generator.data.MoviePublicCategoryAssert}</code>.
   *
   * @param actual the actual value.
   * @return the created "soft" assertion object.
   */
  @org.assertj.core.util.CheckReturnValue
  public com.cprohinig.assertj.generator.data.MoviePublicCategoryAssert assertThat(Movie.PublicCategory actual) {
    return proxy(com.cprohinig.assertj.generator.data.MoviePublicCategoryAssert.class, Movie.PublicCategory.class, actual);
  }

  /**
   * Creates a new "soft" instance of <code>{@link com.cprohinig.assertj.generator.data.NameAssert}</code>.
   *
   * @param actual the actual value.
   * @return the created "soft" assertion object.
   */
  @org.assertj.core.util.CheckReturnValue
  public com.cprohinig.assertj.generator.data.NameAssert assertThat(Name actual) {
    return proxy(com.cprohinig.assertj.generator.data.NameAssert.class, Name.class, actual);
  }

  /**
   * Creates a new "soft" instance of <code>{@link com.cprohinig.assertj.generator.data.TreeEnumAssert}</code>.
   *
   * @param actual the actual value.
   * @return the created "soft" assertion object.
   */
  @org.assertj.core.util.CheckReturnValue
  public com.cprohinig.assertj.generator.data.TreeEnumAssert assertThat(TreeEnum actual) {
    return proxy(com.cprohinig.assertj.generator.data.TreeEnumAssert.class, TreeEnum.class, actual);
  }

  /**
   * Creates a new "soft" instance of <code>{@link com.cprohinig.assertj.generator.data.art.ArtWorkAssert}</code>.
   *
   * @param actual the actual value.
   * @return the created "soft" assertion object.
   */
  @org.assertj.core.util.CheckReturnValue
  public com.cprohinig.assertj.generator.data.art.ArtWorkAssert assertThat(ArtWork actual) {
    return proxy(com.cprohinig.assertj.generator.data.art.ArtWorkAssert.class, ArtWork.class, actual);
  }

  /**
   * Creates a new "soft" instance of <code>{@link com.cprohinig.assertj.generator.data.lotr.RaceAssert}</code>.
   *
   * @param actual the actual value.
   * @return the created "soft" assertion object.
   */
  @org.assertj.core.util.CheckReturnValue
  public com.cprohinig.assertj.generator.data.lotr.RaceAssert assertThat(Race actual) {
    return proxy(com.cprohinig.assertj.generator.data.lotr.RaceAssert.class, Race.class, actual);
  }

  /**
   * Creates a new "soft" instance of <code>{@link com.cprohinig.assertj.generator.data.lotr.RingAssert}</code>.
   *
   * @param actual the actual value.
   * @return the created "soft" assertion object.
   */
  @org.assertj.core.util.CheckReturnValue
  public com.cprohinig.assertj.generator.data.lotr.RingAssert assertThat(Ring actual) {
    return proxy(com.cprohinig.assertj.generator.data.lotr.RingAssert.class, Ring.class, actual);
  }

  /**
   * Creates a new "soft" instance of <code>{@link com.cprohinig.assertj.generator.data.lotr.TolkienCharacterAssert}</code>.
   *
   * @param actual the actual value.
   * @return the created "soft" assertion object.
   */
  @org.assertj.core.util.CheckReturnValue
  public com.cprohinig.assertj.generator.data.lotr.TolkienCharacterAssert assertThat(TolkienCharacter actual) {
    return proxy(com.cprohinig.assertj.generator.data.lotr.TolkienCharacterAssert.class, TolkienCharacter.class, actual);
  }

  /**
   * Creates a new "soft" instance of <code>{@link com.cprohinig.assertj.generator.data.nba.PlayerAssert}</code>.
   *
   * @param actual the actual value.
   * @return the created "soft" assertion object.
   */
  @org.assertj.core.util.CheckReturnValue
  public com.cprohinig.assertj.generator.data.nba.PlayerAssert assertThat(Player actual) {
    return proxy(com.cprohinig.assertj.generator.data.nba.PlayerAssert.class, Player.class, actual);
  }

  @Override
  public void close() throws org.assertj.core.api.SoftAssertionError {
    assertAll();
  }
}
