package com.cprohinig.assertj.generator.data;

/**
 * Entry point for BDD assertions of different data types.
 */
@javax.annotation.Generated(value="assertj-assertions-generator")
public class BddAssertions {

  /**
   * Creates a new instance of <code>{@link com.cprohinig.assertj.generator.data.MovieAssert}</code>.
   *
   * @param actual the actual value.
   * @return the created assertion object.
   */
  @org.assertj.core.util.CheckReturnValue
  public static com.cprohinig.assertj.generator.data.MovieAssert then(Movie actual) {
    return new com.cprohinig.assertj.generator.data.MovieAssert(actual);
  }

  /**
   * Creates a new instance of <code>{@link com.cprohinig.assertj.generator.data.MoviePublicCategoryAssert}</code>.
   *
   * @param actual the actual value.
   * @return the created assertion object.
   */
  @org.assertj.core.util.CheckReturnValue
  public static com.cprohinig.assertj.generator.data.MoviePublicCategoryAssert then(Movie.PublicCategory actual) {
    return new com.cprohinig.assertj.generator.data.MoviePublicCategoryAssert(actual);
  }

  /**
   * Creates a new instance of <code>{@link com.cprohinig.assertj.generator.data.NameAssert}</code>.
   *
   * @param actual the actual value.
   * @return the created assertion object.
   */
  @org.assertj.core.util.CheckReturnValue
  public static com.cprohinig.assertj.generator.data.NameAssert then(Name actual) {
    return new com.cprohinig.assertj.generator.data.NameAssert(actual);
  }

  /**
   * Creates a new instance of <code>{@link com.cprohinig.assertj.generator.data.TreeEnumAssert}</code>.
   *
   * @param actual the actual value.
   * @return the created assertion object.
   */
  @org.assertj.core.util.CheckReturnValue
  public static com.cprohinig.assertj.generator.data.TreeEnumAssert then(TreeEnum actual) {
    return new com.cprohinig.assertj.generator.data.TreeEnumAssert(actual);
  }

  /**
   * Creates a new instance of <code>{@link com.cprohinig.assertj.generator.data.art.ArtWorkAssert}</code>.
   *
   * @param actual the actual value.
   * @return the created assertion object.
   */
  @org.assertj.core.util.CheckReturnValue
  public static com.cprohinig.assertj.generator.data.art.ArtWorkAssert then(ArtWork actual) {
    return new com.cprohinig.assertj.generator.data.art.ArtWorkAssert(actual);
  }

  /**
   * Creates a new instance of <code>{@link com.cprohinig.assertj.generator.data.lotr.RaceAssert}</code>.
   *
   * @param actual the actual value.
   * @return the created assertion object.
   */
  @org.assertj.core.util.CheckReturnValue
  public static com.cprohinig.assertj.generator.data.lotr.RaceAssert then(Race actual) {
    return new com.cprohinig.assertj.generator.data.lotr.RaceAssert(actual);
  }

  /**
   * Creates a new instance of <code>{@link com.cprohinig.assertj.generator.data.lotr.RingAssert}</code>.
   *
   * @param actual the actual value.
   * @return the created assertion object.
   */
  @org.assertj.core.util.CheckReturnValue
  public static com.cprohinig.assertj.generator.data.lotr.RingAssert then(Ring actual) {
    return new com.cprohinig.assertj.generator.data.lotr.RingAssert(actual);
  }

  /**
   * Creates a new instance of <code>{@link com.cprohinig.assertj.generator.data.lotr.TolkienCharacterAssert}</code>.
   *
   * @param actual the actual value.
   * @return the created assertion object.
   */
  @org.assertj.core.util.CheckReturnValue
  public static com.cprohinig.assertj.generator.data.lotr.TolkienCharacterAssert then(TolkienCharacter actual) {
    return new com.cprohinig.assertj.generator.data.lotr.TolkienCharacterAssert(actual);
  }

  /**
   * Creates a new instance of <code>{@link com.cprohinig.assertj.generator.data.nba.PlayerAssert}</code>.
   *
   * @param actual the actual value.
   * @return the created assertion object.
   */
  @org.assertj.core.util.CheckReturnValue
  public static com.cprohinig.assertj.generator.data.nba.PlayerAssert then(Player actual) {
    return new com.cprohinig.assertj.generator.data.nba.PlayerAssert(actual);
  }

  /**
   * Creates a new <code>{@link BddAssertions}</code>.
   */
  protected BddAssertions() {
    // empty
  }
}
